[INFO] Scanning for projects...
[INFO] 
[INFO] --------------------------< com.ttcs:backend >--------------------------
[INFO] Building VPH Laptop Store 1.0.0
[INFO]   from pom.xml
[INFO] --------------------------------[ war ]---------------------------------
[INFO] 
[INFO] --- cargo:1.10.15:run (default-cli) @ backend ---
[INFO] Resolved container artifact org.codehaus.cargo:cargo-core-container-tomcat:jar:1.10.15 for container tomcat10x
[INFO] Tomcat 10.x Embedded starting...
[WARNING] org.codehaus.cargo.container.ContainerException: Port number 8080 (defined with the property cargo.servlet.port) is in use. Please free it on the system or set it to a different port in the container configuration.
[INFO] Container is in the [unknown] state, shutting it down now
[INFO] Tomcat 10.x Embedded is stopping...
[WARNING] Exception stopping container after failed start: org.codehaus.cargo.container.ContainerException: Failed to stop the Tomcat 10.x Embedded container.
[ERROR] Starting container [org.codehaus.cargo.container.tomcat.Tomcat10xEmbeddedLocalContainer@4c19d42e] failed
org.codehaus.cargo.container.ContainerException: Port number 8080 (defined with the property cargo.servlet.port) is in use. Please free it on the system or set it to a different port in the container configuration.
    at org.codehaus.cargo.container.spi.AbstractLocalContainer.start (AbstractLocalContainer.java:219)
    at org.codehaus.cargo.maven3.ContainerStartMojo.executeLocalContainerAction (ContainerStartMojo.java:83)
    at org.codehaus.cargo.maven3.ContainerRunMojo.doExecute (ContainerRunMojo.java:126)
    at org.codehaus.cargo.maven3.AbstractCargoMojo.execute (AbstractCargoMojo.java:466)
    at org.apache.maven.plugin.DefaultBuildPluginManager.executeMojo (DefaultBuildPluginManager.java:126)
    at org.apache.maven.lifecycle.internal.MojoExecutor.doExecute2 (MojoExecutor.java:328)
    at org.apache.maven.lifecycle.internal.MojoExecutor.doExecute (MojoExecutor.java:316)
    at org.apache.maven.lifecycle.internal.MojoExecutor.execute (MojoExecutor.java:212)
    at org.apache.maven.lifecycle.internal.MojoExecutor.execute (MojoExecutor.java:174)
    at org.apache.maven.lifecycle.internal.MojoExecutor.access$000 (MojoExecutor.java:75)
    at org.apache.maven.lifecycle.internal.MojoExecutor$1.run (MojoExecutor.java:162)
    at org.apache.maven.plugin.DefaultMojosExecutionStrategy.execute (DefaultMojosExecutionStrategy.java:39)
    at org.apache.maven.lifecycle.internal.MojoExecutor.execute (MojoExecutor.java:159)
    at org.apache.maven.lifecycle.internal.LifecycleModuleBuilder.buildProject (LifecycleModuleBuilder.java:105)
    at org.apache.maven.lifecycle.internal.LifecycleModuleBuilder.buildProject (LifecycleModuleBuilder.java:73)
    at org.apache.maven.lifecycle.internal.builder.singlethreaded.SingleThreadedBuilder.build (SingleThreadedBuilder.java:53)
    at org.apache.maven.lifecycle.internal.LifecycleStarter.execute (LifecycleStarter.java:118)
    at org.apache.maven.DefaultMaven.doExecute (DefaultMaven.java:261)
    at org.apache.maven.DefaultMaven.doExecute (DefaultMaven.java:173)
    at org.apache.maven.DefaultMaven.execute (DefaultMaven.java:101)
    at org.apache.maven.cli.MavenCli.execute (MavenCli.java:906)
    at org.apache.maven.cli.MavenCli.doMain (MavenCli.java:283)
    at org.apache.maven.cli.MavenCli.main (MavenCli.java:206)
    at jdk.internal.reflect.NativeMethodAccessorImpl.invoke0 (Native Method)
    at jdk.internal.reflect.NativeMethodAccessorImpl.invoke (NativeMethodAccessorImpl.java:77)
    at jdk.internal.reflect.DelegatingMethodAccessorImpl.invoke (DelegatingMethodAccessorImpl.java:43)
    at java.lang.reflect.Method.invoke (Method.java:568)
    at org.codehaus.plexus.classworlds.launcher.Launcher.launchEnhanced (Launcher.java:255)
    at org.codehaus.plexus.classworlds.launcher.Launcher.launch (Launcher.java:201)
    at org.codehaus.plexus.classworlds.launcher.Launcher.mainWithExitCode (Launcher.java:361)
    at org.codehaus.plexus.classworlds.launcher.Launcher.main (Launcher.java:314)
[INFO] Press Ctrl-C to stop the container...
[INFO] ------------------------------------------------------------------------
[INFO] BUILD SUCCESS
[INFO] ------------------------------------------------------------------------
[INFO] Total time:  1.671 s
[INFO] Finished at: 2026-05-07T01:33:04+07:00
[INFO] ------------------------------------------------------------------------
